// Jest Snapshot v1, https://goo.gl/fbAQLP

exports[`Button component Matches snapshot 1`] = `
<div>
  <button
    data-testid="button"
  >
    READ MORE
  </button>
</div>
`;
