// Jest Snapshot v1, https://goo.gl/fbAQLP

exports[`Loader component Matches snapshot 1`] = `
<div>
  <div
    data-testid="loader"
  />
</div>
`;
