// Jest Snapshot v1, https://goo.gl/fbAQLP

exports[`Footer component matches snapshot 1`] = `
<DocumentFragment>
  <footer
    class="footer"
    data-testid="footer"
  >
    <div
      class="footer__info"
    >
      <div
        class="footer__contact"
      >
        <div
          class="footer__item"
        >
          <p
            class="footer__title"
          >
            Services
          </p>
          <div
            class="contact"
            data-testid="contact"
          >
            <ul
              class="contact__list"
            >
              <li
                class="contact__item"
              >
                <a
                  href=""
                >
                  Email Marketing
                </a>
              </li>
              <li
                class="contact__item"
              >
                <a
                  href=""
                >
                  Campaigns
                </a>
              </li>
              <li
                class="contact__item"
              >
                <a
                  href=""
                >
                  Branding
                </a>
              </li>
              <li
                class="contact__item"
              >
                <a
                  href=""
                >
                  Offline
                </a>
              </li>
            </ul>
          </div>
        </div>
        <div
          class="footer__item"
        >
          <p
            class="footer__title"
          >
            About
          </p>
          <div
            class="contact"
            data-testid="contact"
          >
            <ul
              class="contact__list"
            >
              <li
                class="contact__item"
              >
                <a
                  href=""
                >
                  Our Story
                </a>
              </li>
              <li
                class="contact__item"
              >
                <a
                  href=""
                >
                  Benefits
                </a>
              </li>
              <li
                class="contact__item"
              >
                <a
                  href=""
                >
                  Team
                </a>
              </li>
              <li
                class="contact__item"
              >
                <a
                  href=""
                >
                  Careers
                </a>
              </li>
            </ul>
          </div>
        </div>
        <div
          class="footer__item"
        >
          <p
            class="footer__title"
          >
            Help
          </p>
          <div
            class="contact"
            data-testid="contact"
          >
            <ul
              class="contact__list"
            >
              <li
                class="contact__item"
              >
                <a
                  href=""
                >
                  FAQs
                </a>
              </li>
              <li
                class="contact__item"
              >
                <a
                  href=""
                >
                  Contact Us
                </a>
              </li>
            </ul>
          </div>
        </div>
      </div>
      <div
        class="footer__about"
      >
        <p
          class="footer__service"
        >
          Terms & Conditions
        </p>
        <p
          class="footer__service"
        >
          Privacy Policy
        </p>
      </div>
    </div>
    <div
      class="footer__social"
    >
      <a
        data-testid="logo"
        href="/"
      >
        <img
          alt="This is logo"
          class="logo--large"
        />
      </a>
      <div
        class="footer__social--group"
      >
        <i
          class="icon-fb"
          data-testid="icon"
        />
        <i
          class="icon-twitter"
          data-testid="icon"
        />
        <i
          class="icon-instagram"
          data-testid="icon"
        />
      </div>
    </div>
  </footer>
</DocumentFragment>
`;
