// Jest Snapshot v1, https://goo.gl/fbAQLP

exports[`Status component Matches snapshot 1`] = `
<div>
  <div
    class=" undefined"
    data-testid="status"
  />
</div>
`;
