// Jest Snapshot v1, https://goo.gl/fbAQLP

exports[`ViewProductItem component matches snapshot 1`] = `
<DocumentFragment>
  <div
    class="product"
    data-testid="product-grid-card"
  >
    <img
      class="product__image"
      src="/src/assets/images/products/cheese-cake.jpg"
    />
    <button
      class="btn btn__btn btn__delete"
    >
      <i
        class="fa fa-trash"
      />
    </button>
    <div
      class="product__content"
    >
      <a
        class="productViewPage__link"
        href="/product/1"
      >
        <h2
          class="productViewPage__title"
          data-testid="title-test"
        >
          Cheese cake
        </h2>
      </a>
      <p
        class="productViewPage__price"
        data-testid="price"
      >
        $20
      </p>
    </div>
  </div>
</DocumentFragment>
`;
