// Jest Snapshot v1, https://goo.gl/fbAQLP

exports[`Input Component matches snapshot 1`] = `
<DocumentFragment>
  <input
    class="todo__input"
    placeholder="Add new todo"
    value=""
  />
</DocumentFragment>
`;
