// Jest Snapshot v1, https://goo.gl/fbAQLP

exports[`Counter component matches snapshot 1`] = `
<DocumentFragment>
  <div
    class="counter"
    data-testid="counter"
  >
    <button
      aria-label="Decrement"
      class="counter-minus btn btn-icon-primary"
      data-testid="button"
    />
    <input
      aria-hidden="true"
      class=" counter-input input-"
      data-testid="input"
      id=""
      name=""
      type="number"
      value="2"
    />
    <button
      aria-label="Increment"
      class="counter-plus btn btn-icon-primary"
      data-testid="button"
    />
  </div>
</DocumentFragment>
`;
