// Jest Snapshot v1, https://goo.gl/fbAQLP

exports[`Dropdown component Matches snapshot 1`] = `
<div>
  <div
    data-testid="dropdown"
  >
    <select
      class=""
      id=""
      name=""
    />
  </div>
</div>
`;
