// Jest Snapshot v1, https://goo.gl/fbAQLP

exports[`Input component matches snapshot 1`] = `
<DocumentFragment>
  <input
    data-testid="input"
    value=""
  />
</DocumentFragment>
`;
