// Jest Snapshot v1, https://goo.gl/fbAQLP

exports[`CategoryList component matches snapshot 1`] = `
<DocumentFragment>
  <div
    class="categoryList--select"
    data-testid="category-list"
  />
</DocumentFragment>
`;
