// Jest Snapshot v1, https://goo.gl/fbAQLP

exports[`App component matches snapshot 1`] = `
<DocumentFragment>
  <header
    class="header"
    data-testid="header"
  >
    <div
      class="header__logo"
    >
      <a
        data-testid="logo"
        href="#Home"
      >
        <img
          class="logo"
        />
      </a>
    </div>
    <div
      class="header__about"
    >
      <div
        class="menu"
        data-testid="menu"
      >
        <ul
          class="menu__list"
        >
          <li
            class="menu__item"
          >
            <a
              href=""
            >
              Home
            </a>
          </li>
          <li
            class="menu__item"
          >
            <a
              href=""
            >
              About
            </a>
          </li>
          <li
            class="menu__item"
          >
            <a
              href=""
            >
              Shop
            </a>
          </li>
          <li
            class="menu__item"
          >
            <a
              href=""
            >
              Blog
            </a>
          </li>
          <li
            class="menu__item"
          >
            <a
              href=""
            >
              FAQ
            </a>
          </li>
          <li
            class="menu__item"
          >
            <a
              href=""
            >
              Contact
            </a>
          </li>
        </ul>
      </div>
      <button
        class="btn btn__btn btn__primary"
      >
        ORDER ONLINE
      </button>
    </div>
  </header>
  <figure>
    <img
      alt=""
      class="header__img"
    />
  </figure>
  <nav
    class="nav"
    data-testid="navigation"
  >
    <ul
      class="nav__list"
    >
      <li
        class="nav__item"
      >
        <a
          class="nav__link"
          href=""
        >
           
          <i
            class="fa fa-clock"
          />
           Mon - Sat: 8AM - 5PM
        </a>
      </li>
      <li
        class="nav__item"
      >
        <a
          class="nav__link"
          href=""
        >
           
          <i
            class="fa fa-phone"
          />
           123 456 7890
        </a>
      </li>
    </ul>
    <div
      class="search"
      data-testid="input-search"
    >
      <input
        class="search__text"
        placeholder="Search item"
        type="text"
      />
    </div>
  </nav>
  <div
    class="categories"
    data-testid="categories"
  >
    <p
      class="categories__title"
    >
      What are you looking for here?
    </p>
    <ul
      class="categories__list"
    >
      <li
        class="categories__item active"
        data-testid="category-item"
      >
        All
      </li>
      <li
        class="categories__item inactive"
        data-index="1"
        data-testid="category-item"
      >
        Cake
      </li>
      <li
        class="categories__item inactive"
        data-index="2"
        data-testid="category-item"
      >
        Breads
      </li>
    </ul>
  </div>
  <div
    class="viewProduct__list"
    data-testid="view-product-list"
  >
    <div
      class="viewProduct__item"
    >
      <div
        class="productViewPage"
        data-testid="productViewPage"
      >
        <img
          class="productViewPage__image"
          src="/src/assets/images/products/cheese-cake.jpg"
        />
        <div
          class="productViewPage__content"
        >
          <a
            class="productViewPage__link"
            href="/product/1"
          >
            <h2
              class="productViewPage__title"
              data-testid="title-test"
            >
              Cheese cake
            </h2>
          </a>
          <p
            class="productViewPage__description"
            data-testid="text"
          >
            Sed ut perspiciatis unde omnis iste natus error sit voluptatem accusantium doloremque laudantium.
          </p>
          <p
            class="productViewPage__price"
            data-testid="price"
          >
            $20
          </p>
        </div>
      </div>
    </div>
    <div
      class="viewProduct__item"
    >
      <div
        class="productViewPage"
        data-testid="productViewPage"
      >
        <img
          class="productViewPage__image"
          src="/src/assets/images/products/cheese-cake.jpg"
        />
        <div
          class="productViewPage__content"
        >
          <a
            class="productViewPage__link"
            href="/product/2"
          >
            <h2
              class="productViewPage__title"
              data-testid="title-test"
            >
              Amaretti Cookie
            </h2>
          </a>
          <p
            class="productViewPage__description"
            data-testid="text"
          >
            Sed ut perspiciatis unde omnis iste natus error sit voluptatem accusantium doloremque laudantium.
          </p>
          <p
            class="productViewPage__price"
            data-testid="price"
          >
            $10
          </p>
        </div>
      </div>
    </div>
  </div>
  <a
    class="viewProduct__link"
    href="/products"
  >
    <button
      class="btn btn__btn btn__secondary"
    >
      VIEW ALL PRODUCTS
    </button>
  </a>
  <footer
    class="footer"
  >
    <p
      class="footer__contact"
      data-testid="footer"
    >
      Copyright © 2022 —  Bakery WordPress Theme by Milingona.
    </p>
  </footer>
</DocumentFragment>
`;
