// Jest Snapshot v1, https://goo.gl/fbAQLP

exports[`About component matches snapshot 1`] = `
<DocumentFragment>
  <div>
    <h1
      class="about"
      data-testid="about-page"
    >
      This is the about page
    </h1>
  </div>
</DocumentFragment>
`;
