// Jest Snapshot v1, https://goo.gl/fbAQLP

exports[`Icon component Matches snapshot 1`] = `
<div>
  <i
    data-testid="icon"
  />
</div>
`;
