// Jest Snapshot v1, https://goo.gl/fbAQLP

exports[`About page renders homepage unchanged 1`] = `
<div>
  <h1>
    About page
  </h1>
</div>
`;
