// Jest Snapshot v1, https://goo.gl/fbAQLP

exports[`ExpertPage Matches snapshot 1`] = `
<div>
  <main
    data-testid="layout"
  >
    <header
      data-testid="header"
    >
      <div>
        <div
          data-testid="menu"
        >
          <ul>
            <li>
              <a
                href="/expert-panel"
              >
                Our Experts
              </a>
            </li>
            <li>
              <a
                href="/about-us"
              >
                About
              </a>
            </li>
          </ul>
        </div>
      </div>
    </header>
    <div>
      <div>
        <nav
          data-testid="navigation"
        >
          <div
            data-testid="logo"
          >
            <span
              style="box-sizing: border-box; display: inline-block; overflow: hidden; background: none; opacity: 1; border: 0px; margin: 0px; padding: 0px; position: relative; max-width: 100%;"
            >
              <span
                style="box-sizing: border-box; display: block; background: none; opacity: 1; border: 0px; margin: 0px; padding: 0px; max-width: 100%;"
              >
                <img
                  alt=""
                  aria-hidden="true"
                  src="data:image/svg+xml,%3csvg%20xmlns=%27http://www.w3.org/2000/svg%27%20version=%271.1%27%20width=%27256%27%20height=%2743%27/%3e"
                  style="display: block; max-width: 100%; background: none; opacity: 1; border: 0px; margin: 0px; padding: 0px;"
                />
              </span>
              <img
                alt="This is logo"
                data-nimg="intrinsic"
                decoding="async"
                href="/"
                src="data:image/gif;base64,R0lGODlhAQABAIAAAAAAAP///yH5BAEAAAAALAAAAAABAAEAAAIBRAA7"
                style="position: absolute; top: 0px; left: 0px; bottom: 0px; right: 0px; box-sizing: border-box; padding: 0px; margin: auto; display: block; width: 0px; height: 0px; min-width: 100%; max-width: 100%; min-height: 100%; max-height: 100%; background-size: cover; background-position: 0% 0%; filter: blur(20px); background-image: url(/images/backgrounds/blur.jpg);"
              />
              <noscript />
            </span>
          </div>
          <div>
            <div
              data-testid="menu"
            >
              <ul>
                <li>
                  <a
                    href="/"
                  >
                    Research
                  </a>
                </li>
                <li>
                  <a
                    href="/"
                  >
                    Best practice
                  </a>
                </li>
                <li>
                  <a
                    href="/"
                  >
                    Commentary
                  </a>
                </li>
                <li>
                  <a
                    href="/"
                  >
                    Reviews
                  </a>
                </li>
              </ul>
            </div>
            <i
              data-testid="icon"
            />
          </div>
        </nav>
      </div>
      <div>
        <h2>
          The DMM Expert Panel
        </h2>
        <p
          data-testid="text"
        >
          Our Expert Panel consists of thirty automotive industry experts who share their knowledge and experience to help keep dealers informed on various topics such as Business Development, Dealership Business, Fixed Ops, Internet Marketing, Advertising, AI, Tech Solutions, Industry & Consumer Research, and more. With a combined LinkedIn following of 113,000+ followers, as an automotive industry professional or vendor, you are guaranteed to learn something new.
        </p>
      </div>
      <div>
        <div
          data-testid="expert-list"
        >
          <div>
            <div
              data-testid="card-expert"
            >
              <figure>
                <span
                  style="box-sizing: border-box; display: inline-block; overflow: hidden; background: none; opacity: 1; border: 0px; margin: 0px; padding: 0px; position: relative; max-width: 100%;"
                >
                  <span
                    style="box-sizing: border-box; display: block; background: none; opacity: 1; border: 0px; margin: 0px; padding: 0px; max-width: 100%;"
                  >
                    <img
                      alt=""
                      aria-hidden="true"
                      src="data:image/svg+xml,%3csvg%20xmlns=%27http://www.w3.org/2000/svg%27%20version=%271.1%27%20width=%27130%27%20height=%27130%27/%3e"
                      style="display: block; max-width: 100%; background: none; opacity: 1; border: 0px; margin: 0px; padding: 0px;"
                    />
                  </span>
                  <img
                    alt="This is image of Mr adam dennis"
                    data-nimg="intrinsic"
                    decoding="async"
                    src="data:image/gif;base64,R0lGODlhAQABAIAAAAAAAP///yH5BAEAAAAALAAAAAABAAEAAAIBRAA7"
                    style="position: absolute; top: 0px; left: 0px; bottom: 0px; right: 0px; box-sizing: border-box; padding: 0px; margin: auto; display: block; width: 0px; height: 0px; min-width: 100%; max-width: 100%; min-height: 100%; max-height: 100%; background-size: cover; background-position: 0% 0%; filter: blur(20px); background-image: url(/images/backgrounds/blur.jpg);"
                  />
                  <noscript />
                </span>
              </figure>
              <p
                data-testid="text"
              >
                David Adcock
              </p>
              <div>
                <p
                  data-testid="text"
                >
                  Binary Auto
                </p>
              </div>
              <div>
                <button
                  data-testid="button"
                >
                  <i
                    data-testid="icon"
                  />
                </button>
              </div>
            </div>
          </div>
          <div>
            <div
              data-testid="card-expert"
            >
              <figure>
                <span
                  style="box-sizing: border-box; display: inline-block; overflow: hidden; background: none; opacity: 1; border: 0px; margin: 0px; padding: 0px; position: relative; max-width: 100%;"
                >
                  <span
                    style="box-sizing: border-box; display: block; background: none; opacity: 1; border: 0px; margin: 0px; padding: 0px; max-width: 100%;"
                  >
                    <img
                      alt=""
                      aria-hidden="true"
                      src="data:image/svg+xml,%3csvg%20xmlns=%27http://www.w3.org/2000/svg%27%20version=%271.1%27%20width=%27130%27%20height=%27130%27/%3e"
                      style="display: block; max-width: 100%; background: none; opacity: 1; border: 0px; margin: 0px; padding: 0px;"
                    />
                  </span>
                  <img
                    alt="This is image of Mr adam-dennis"
                    data-nimg="intrinsic"
                    decoding="async"
                    src="data:image/gif;base64,R0lGODlhAQABAIAAAAAAAP///yH5BAEAAAAALAAAAAABAAEAAAIBRAA7"
                    style="position: absolute; top: 0px; left: 0px; bottom: 0px; right: 0px; box-sizing: border-box; padding: 0px; margin: auto; display: block; width: 0px; height: 0px; min-width: 100%; max-width: 100%; min-height: 100%; max-height: 100%; background-size: cover; background-position: 0% 0%; filter: blur(20px); background-image: url(/images/backgrounds/blur.jpg);"
                  />
                  <noscript />
                </span>
              </figure>
              <p
                data-testid="text"
              >
                Brent-Albrecht
              </p>
              <div>
                <p
                  data-testid="text"
                >
                  Friendemic
                </p>
              </div>
              <div>
                <button
                  data-testid="button"
                >
                  <i
                    data-testid="icon"
                  />
                </button>
              </div>
            </div>
          </div>
        </div>
      </div>
    </div>
    <footer
      data-testid="footer"
    >
      <div
        data-testid="menu"
      >
        <ul>
          <li>
            <a
              href="/expert-panel"
            >
              Our Experts
            </a>
          </li>
          <li>
            <a
              href="/about-us"
            >
              About
            </a>
          </li>
        </ul>
      </div>
      <div>
        <div
          data-testid="menu"
        >
          <ul>
            <li>
              <a
                href="/"
              >
                Privacy policy
              </a>
            </li>
            <li>
              <a
                href="/"
              >
                Terms of service
              </a>
            </li>
            <li>
              <a
                href="/"
              >
                Advertise
              </a>
            </li>
          </ul>
        </div>
        <p>
          Copyright Â© 2022 Dealer Marketing Magazine
        </p>
      </div>
    </footer>
  </main>
</div>
`;
