// Jest Snapshot v1, https://goo.gl/fbAQLP

exports[`Logout component matches snapshot 1`] = `
<DocumentFragment>
  <div
    class=" account"
    data-testid="logout"
  >
    <button
      aria-label="User"
      class=" btn btn-icon-primary"
      data-testid="button"
    >
      <div
        class="undefined icon-user"
        data-testid="icon"
      />
    </button>
  </div>
</DocumentFragment>
`;
